// Jest Snapshot v1, https://goo.gl/fbAQLP

exports[`Welcome Message should render 1`] = `
<div
  className="p-8 text-center"
>
  <div
    className="w-5/6 mx-auto"
  >
    <h3
      className="text-4xl font-bold text-gray-600 dark:text-gray-200"
    >
      Welcome back!
    </h3>
    <div
      className="my-12"
    >
      <div
        className="p-6 border rounded-lg my-4 dark:border-gray-700 bg-white dark:bg-warmGray-900"
      >
        <img
          alt="c2gin - Manage Projects"
          className="h-56 md:h-64 mx-auto"
          src="test-file-stub"
        />
        <p
          className="text-xl text-gray-600 py-4 dark:text-gray-200"
        >
          Manage the things needed to do in your project
        </p>
      </div>
    </div>
    <div
      className="mt-20 flex items-center justify-between"
    >
      <a
        className="text-gray-600 dark:text-gray-200 hover:text-indigo-600 hover:underline"
        href="https://github.com/TheBoringDude/c2gin"
        rel="noreferrer"
        target="_blank"
        title="Goto Github Repo"
      >
        Github
      </a>
      <a
        className="text-gray-600 dark:text-gray-200 hover:text-indigo-600 hover:underline"
        href="https://github.com/TheBoringDude"
        rel="noreferrer"
        target="_blank"
        title="Author"
      >
        @TheBoringDude
      </a>
    </div>
  </div>
</div>
`;
